// Jest Snapshot v1, https://goo.gl/fbAQLP

exports[`\`About\` component Does \`About\` match DOM Snapshot 1`] = `
{
  "asFragment": [Function],
  "baseElement": <body>
    <div>
      <div>
        <h2
          class=""
        >
          What is GoodGrub?
        </h2>
        <p
          class=""
        >
          Welcome to GoodGrub, the ultimate recipe app for delicious and easy-to-make meals. Whether you're a beginner cook or a seasoned pro our app has something for everyone.
          <br />
          <br />
          Our app features a wide variety of recipes, from classic comfort foods to international dishes and healthy options. We make it easy to find the perfect recipe for any occasion, with options sorted by cuisine, ingredients, and dietary restrictions.
          <br />
          <br />
          We believe that cooking should be fun, easy, and accessible to everyone, which is why we're dedicated to providing the best recipe app on the market. So why wait? Download GoodGrub now and start cooking up a storm!
        </p>
      </div>
    </div>
  </body>,
  "container": <div>
    <div>
      <h2
        class=""
      >
        What is GoodGrub?
      </h2>
      <p
        class=""
      >
        Welcome to GoodGrub, the ultimate recipe app for delicious and easy-to-make meals. Whether you're a beginner cook or a seasoned pro our app has something for everyone.
        <br />
        <br />
        Our app features a wide variety of recipes, from classic comfort foods to international dishes and healthy options. We make it easy to find the perfect recipe for any occasion, with options sorted by cuisine, ingredients, and dietary restrictions.
        <br />
        <br />
        We believe that cooking should be fun, easy, and accessible to everyone, which is why we're dedicated to providing the best recipe app on the market. So why wait? Download GoodGrub now and start cooking up a storm!
      </p>
    </div>
  </div>,
  "debug": [Function],
  "findAllByAltText": [Function],
  "findAllByDisplayValue": [Function],
  "findAllByLabelText": [Function],
  "findAllByPlaceholderText": [Function],
  "findAllByRole": [Function],
  "findAllByTestId": [Function],
  "findAllByText": [Function],
  "findAllByTitle": [Function],
  "findByAltText": [Function],
  "findByDisplayValue": [Function],
  "findByLabelText": [Function],
  "findByPlaceholderText": [Function],
  "findByRole": [Function],
  "findByTestId": [Function],
  "findByText": [Function],
  "findByTitle": [Function],
  "getAllByAltText": [Function],
  "getAllByDisplayValue": [Function],
  "getAllByLabelText": [Function],
  "getAllByPlaceholderText": [Function],
  "getAllByRole": [Function],
  "getAllByTestId": [Function],
  "getAllByText": [Function],
  "getAllByTitle": [Function],
  "getByAltText": [Function],
  "getByDisplayValue": [Function],
  "getByLabelText": [Function],
  "getByPlaceholderText": [Function],
  "getByRole": [Function],
  "getByTestId": [Function],
  "getByText": [Function],
  "getByTitle": [Function],
  "queryAllByAltText": [Function],
  "queryAllByDisplayValue": [Function],
  "queryAllByLabelText": [Function],
  "queryAllByPlaceholderText": [Function],
  "queryAllByRole": [Function],
  "queryAllByTestId": [Function],
  "queryAllByText": [Function],
  "queryAllByTitle": [Function],
  "queryByAltText": [Function],
  "queryByDisplayValue": [Function],
  "queryByLabelText": [Function],
  "queryByPlaceholderText": [Function],
  "queryByRole": [Function],
  "queryByTestId": [Function],
  "queryByText": [Function],
  "queryByTitle": [Function],
  "rerender": [Function],
  "unmount": [Function],
}
`;
